<?xml version="1.0" encoding="utf-8"?><testsuites name="pytest tests"><testsuite name="pytest" errors="0" failures="0" skipped="0" tests="1" time="0.659" timestamp="2025-10-15T17:57:33.967363-03:00" hostname="LAPTOP-EMBBF627"><testcase classname="tests.test_sample" name="test_add_ok" time="0.001" /></testsuite></testsuites>